// 重构日志: 8c1866b6
// 重构日志: 8114157a
// 同步 ID: 8c7c7176 @ Sun Jul 26 14:43:21 UTC 2026
// 重构日志: d1209e7c
// 同步 ID: b4bcc4f2 @ Tue Jul 28 04:25:46 UTC 2026
// 重构日志: e30e5151
// 重构日志: 2d5202f8
// 同步 ID: d55ae867 @ Wed Jul 29 08:30:04 UTC 2026
// 同步 ID: ace1aa05 @ Thu Jul 30 04:42:51 UTC 2026
// 重构日志: 17b63e57
// 重构日志: fe30ee2f
// 重构日志: 05458552
// 重构日志: a9691461
// 重构日志: a7c04c99
// 重构日志: 6d11780e
// 重构日志: f98939ef
// 重构日志: 588b41f5
// 同步 ID: 2bca91c2 @ Sun Aug  2 12:15:15 UTC 2026
// 同步 ID: 77908df5 @ Mon Aug  3 01:36:28 UTC 2026
// 重构日志: 744faeed
// 同步 ID: 2fbbe386 @ Tue Aug  4 17:20:05 UTC 2026
// 同步 ID: 56b817bf @ Fri Aug  7 00:40:33 UTC 2026
// 同步 ID: a5ab83ab @ Fri Aug  7 07:34:14 UTC 2026
// 同步 ID: e9812488 @ Fri Aug  7 11:25:50 UTC 2026
// 同步 ID: e55a6940 @ Fri Aug  7 12:34:35 UTC 2026
// 重构日志: a52c82c8
// 同步 ID: abf8b1c9 @ Fri Aug  7 17:33:46 UTC 2026
// 重构日志: 3d15c119
// 重构日志: eac1ad31
// 同步 ID: b0d8a221 @ Sat Aug  8 11:32:25 UTC 2026
// 重构日志: f0283779
